2025-12-22 23:17:31,941 p=44010 u=sameeralam n=ansible ERROR| [ERROR]: the role 'patch_scan' was not found in /Users/sameeralam/Documents/GitHub/Ansible-Playbook/patch-report/playbooks/roles:/Users/sameeralam/.ansible/roles:/usr/share/ansible/roles:/etc/ansible/roles:/Users/sameeralam/Documents/GitHub/Ansible-Playbook/patch-report/playbooks
Origin: /Users/sameeralam/Documents/GitHub/Ansible-Playbook/patch-report/playbooks/patch_report.yml:7:7

5   gather_facts: true
6   roles:
7     - patch_scan
        ^ column 7


2025-12-22 23:18:09,777 p=44347 u=sameeralam n=ansible ERROR| [ERROR]: the role 'patch_scan' was not found in /Users/sameeralam/Documents/GitHub/Ansible-Playbook/patch-report/playbooks/roles:/Users/sameeralam/.ansible/roles:/usr/share/ansible/roles:/etc/ansible/roles:/Users/sameeralam/Documents/GitHub/Ansible-Playbook/patch-report/playbooks
Origin: /Users/sameeralam/Documents/GitHub/Ansible-Playbook/patch-report/playbooks/patch_report.yml:7:7

5   gather_facts: true
6   roles:
7     - patch_scan
        ^ column 7


2025-12-22 23:19:10,395 p=44886 u=sameeralam n=ansible ERROR| [ERROR]: the role 'patch_scan' was not found in /Users/sameeralam/Documents/GitHub/Ansible-Playbook/patch-report/playbooks/roles:/Users/sameeralam/.ansible/roles:/usr/share/ansible/roles:/etc/ansible/roles:/Users/sameeralam/Documents/GitHub/Ansible-Playbook/patch-report/playbooks
Origin: /Users/sameeralam/Documents/GitHub/Ansible-Playbook/patch-report/playbooks/patch_report.yml:7:7

5   gather_facts: true
6   roles:
7     - patch_scan
        ^ column 7


2025-12-22 23:19:42,021 p=45151 u=sameeralam n=ansible INFO| {
    "_meta": {
        "hostvars": {
            "ubuntu1": {
                "ansible_host": "192.168.2.6",
                "ansible_user": "ubuntu",
                "mail": {
                    "recipients": [
                        "sameeralam358@gmail.com"
                    ],
                    "sender": "computecentral.in@gmail.com",
                    "smtp_host": "smtp.gmail.com",
                    "smtp_password": "{{ gmail_app_password }}",
                    "smtp_port": 587,
                    "smtp_user": "computecentral.in@gmail.com"
                },
                "mail_subject": "Pending Patch Report - {{ report_date }}",
                "report_date": "{{ lookup('pipe','date +%Y-%m-%d') }}",
                "report_dir": "./reports"
            }
        },
        "profile": "inventory_legacy"
    },
    "all": {
        "children": [
            "ungrouped",
            "ubuntu"
        ]
    },
    "ubuntu": {
        "hosts": [
            "ubuntu1"
        ]
    }
}
2025-12-22 23:20:24,524 p=45497 u=sameeralam n=ansible INFO| PLAY [Collect pending patches] ***********************************************************************************************************************************************************
2025-12-22 23:20:24,529 p=45497 u=sameeralam n=ansible INFO| TASK [Gathering Facts] *******************************************************************************************************************************************************************
2025-12-22 23:20:25,020 p=45497 u=sameeralam n=ansible ERROR| [ERROR]: Task failed: Missing sudo password

2025-12-22 23:20:25,021 p=45497 u=sameeralam n=ansible INFO| fatal: [ubuntu1]: FAILED! => {"changed": false, "msg": "Task failed: Missing sudo password"}
2025-12-22 23:20:25,021 p=45497 u=sameeralam n=ansible INFO| PLAY RECAP *******************************************************************************************************************************************************************************
2025-12-22 23:20:25,021 p=45497 u=sameeralam n=ansible INFO| ubuntu1                    : ok=0    changed=0    unreachable=0    failed=1    skipped=0    rescued=0    ignored=0   
